[33264:46304:0927/211726.159:WARNING:chrome_main_delegate.cc(745)] This is Chrome version 128.0.6613.138 (not a warning)
[33264:46304:0927/211726.173:ERROR:os_crypt_win.cc(100)] Failed to decrypt: 该项不适于在指定状态下使用。 (0x8009000B)
[33264:46304:0927/211726.213:WARNING:account_consistency_mode_manager.cc(77)] Desktop Identity Consistency cannot be enabled as no OAuth client ID and client secret have been configured.
[33264:41324:0927/211727.600:WARNING:leveldb_database.cc(141)] Unable to open E:\Githubdata\STP\UnrealProject\STP\Saved\webcache_6613_1\Default\shared_proto_db\metadata: IO error: E:\Githubdata\STP\UnrealProject\STP\Saved\webcache_6613_1\Default\shared_proto_db\metadata/MANIFEST-000001: Unable to create sequential file (ChromeMethodBFE: 7::NewSequentialFile::1)
[33264:41324:0927/211727.607:WARNING:leveldb_database.cc(141)] Unable to open E:\Githubdata\STP\UnrealProject\STP\Saved\webcache_6613_1\Default\shared_proto_db\metadata: IO error: E:\Githubdata\STP\UnrealProject\STP\Saved\webcache_6613_1\Default\shared_proto_db\metadata/MANIFEST-000001: Unable to create sequential file (ChromeMethodBFE: 7::NewSequentialFile::1)
[33264:41324:0927/211727.613:WARNING:leveldb_database.cc(141)] Unable to open E:\Githubdata\STP\UnrealProject\STP\Saved\webcache_6613_1\Default\shared_proto_db\metadata: IO error: E:\Githubdata\STP\UnrealProject\STP\Saved\webcache_6613_1\Default\shared_proto_db\metadata/MANIFEST-000001: Unable to create sequential file (ChromeMethodBFE: 7::NewSequentialFile::1)
[33264:41324:0927/211727.616:WARNING:leveldb_database.cc(141)] Unable to open E:\Githubdata\STP\UnrealProject\STP\Saved\webcache_6613_1\Default\shared_proto_db\metadata: IO error: E:\Githubdata\STP\UnrealProject\STP\Saved\webcache_6613_1\Default\shared_proto_db\metadata/MANIFEST-000001: Unable to create sequential file (ChromeMethodBFE: 7::NewSequentialFile::1)
[46704:48884:0927/211729.513:ERROR:backend_impl.cc(989)] Critical error found -8
[33264:41324:0927/211729.544:WARNING:value_store_frontend.cc(47)] Reading ahfgeienlihckogmohjhadlkjgocpleb.alarms from  failed: IO error: .../MANIFEST-000001: Unable to create sequential file (ChromeMethodBFE: 7::NewSequentialFile::1)
[33264:41324:0927/211729.571:WARNING:value_store_frontend.cc(47)] Reading mhjfbmdgcfjbbpaeojofohoefgiehjai.alarms from  failed: IO error: .../MANIFEST-000001: Unable to create sequential file (ChromeMethodBFE: 7::NewSequentialFile::1)
[46704:48884:0927/211729.603:WARNING:storage_block-inl.h(138)] Failed data load.
[46704:48884:0927/211729.603:WARNING:storage_block-inl.h(138)] Failed data load.
[46704:48884:0927/211729.603:ERROR:entry_impl.cc(955)] Failed to save user data
[26212:41060:0927/211732.787:WARNING:frame_impl.cc(430)] virtual CefFrameImpl::SendProcessMessage sent to detached frame 5-B73E792965D43CD3BF193FB1AD62A48F will be ignored
[46704:47896:0927/211732.986:ERROR:ssl_client_socket_impl.cc(882)] handshake failed; returned -1, SSL error code 1, net_error -101
[46704:47896:0927/211733.000:ERROR:ssl_client_socket_impl.cc(882)] handshake failed; returned -1, SSL error code 1, net_error -101
[46704:47896:0927/211733.025:ERROR:ssl_client_socket_impl.cc(882)] handshake failed; returned -1, SSL error code 1, net_error -101
[46704:47896:0927/211733.039:ERROR:ssl_client_socket_impl.cc(882)] handshake failed; returned -1, SSL error code 1, net_error -101
[43084:41388:0927/211733.618:WARNING:frame_impl.cc(430)] virtual CefFrameImpl::SendProcessMessage sent to detached frame 6-586B035C2D4127B9284099608DE226BF will be ignored
[48804:48808:0927/220019.778:WARNING:frame_impl.cc(430)] virtual CefFrameImpl::SendProcessMessage sent to detached frame A-15614B5CBB47DB9E70E84A67AC2A7755 will be ignored
[46704:47896:0927/220424.048:ERROR:ssl_client_socket_impl.cc(882)] handshake failed; returned -1, SSL error code 1, net_error -101
[46704:47896:0927/220424.049:ERROR:ssl_client_socket_impl.cc(882)] handshake failed; returned -1, SSL error code 1, net_error -101
[46704:47896:0927/220424.050:ERROR:ssl_client_socket_impl.cc(882)] handshake failed; returned -1, SSL error code 1, net_error -101
[46704:47896:0927/220424.051:ERROR:ssl_client_socket_impl.cc(882)] handshake failed; returned -1, SSL error code 1, net_error -101
[46704:47896:0927/220424.083:ERROR:ssl_client_socket_impl.cc(882)] handshake failed; returned -1, SSL error code 1, net_error -101
[33264:28332:0927/220558.154:WARNING:browser_info.cc(345)] Returning a speculative frame for [15,10]
[33264:46304:0927/220558.574:WARNING:browser_info.cc(345)] Returning a speculative frame for [15,10]
[33264:46304:0927/220558.575:WARNING:browser_info.cc(345)] Returning a speculative frame for [15,10]
[33264:46304:0927/220558.575:WARNING:browser_info.cc(345)] Returning a speculative frame for [15,10]
[33264:46304:0927/220558.575:WARNING:browser_info.cc(345)] Returning a speculative frame for [15,10]
[33264:46304:0927/220558.649:WARNING:browser_info.cc(345)] Returning a speculative frame for [15,13]
[33264:46304:0927/220558.649:WARNING:browser_info.cc(345)] Returning a speculative frame for [15,13]
[33264:46304:0927/220558.649:WARNING:browser_info.cc(345)] Returning a speculative frame for [15,13]
[33264:46304:0927/220558.649:WARNING:browser_info.cc(345)] Returning a speculative frame for [15,13]
[33264:46304:0927/220600.144:WARNING:capture_device_ranking.h(255)] Can't initialize the value of media.audio_input.user_preference_ranking because media.default_audio_capture_device isn't registered or is empty
[33264:46304:0927/220600.144:WARNING:capture_device_ranking.h(255)] Can't initialize the value of media.video_input.user_preference_ranking because media.default_video_capture_Device isn't registered or is empty
[36176:21228:0927/220604.195:WARNING:frame_impl.cc(430)] virtual CefFrameImpl::SendProcessMessage sent to detached frame E-A1876FF74A9A41176083EBB90F80AA63 will be ignored
[42672:45648:0927/220604.261:ERROR:shared_image_manager.cc(224)] SharedImageManager::ProduceSkia: Trying to Produce a Skia representation from a non-existent mailbox.
[42672:45648:0927/220604.261:ERROR:shared_image_manager.cc(224)] SharedImageManager::ProduceSkia: Trying to Produce a Skia representation from a non-existent mailbox.
[42672:45648:0927/220604.262:ERROR:shared_image_manager.cc(224)] SharedImageManager::ProduceSkia: Trying to Produce a Skia representation from a non-existent mailbox.
[42672:45648:0927/220604.262:ERROR:shared_image_manager.cc(224)] SharedImageManager::ProduceSkia: Trying to Produce a Skia representation from a non-existent mailbox.
[42672:45648:0927/220604.262:ERROR:shared_image_manager.cc(224)] SharedImageManager::ProduceSkia: Trying to Produce a Skia representation from a non-existent mailbox.
[33264:28332:0927/220616.657:WARNING:browser_info.cc(345)] Returning a speculative frame for [21,10]
[33264:46304:0927/220616.872:WARNING:browser_info.cc(345)] Returning a speculative frame for [21,10]
[33264:46304:0927/220616.872:WARNING:browser_info.cc(345)] Returning a speculative frame for [21,10]
[33264:46304:0927/220616.872:WARNING:browser_info.cc(345)] Returning a speculative frame for [21,10]
[33264:46304:0927/220616.872:WARNING:browser_info.cc(345)] Returning a speculative frame for [21,10]
[33264:46304:0927/220616.900:WARNING:browser_info.cc(345)] Returning a speculative frame for [21,13]
[33264:46304:0927/220616.900:WARNING:browser_info.cc(345)] Returning a speculative frame for [21,13]
[33264:46304:0927/220616.901:WARNING:browser_info.cc(345)] Returning a speculative frame for [21,13]
[33264:46304:0927/220616.901:WARNING:browser_info.cc(345)] Returning a speculative frame for [21,13]
[33264:46304:0927/220617.327:WARNING:capture_device_ranking.h(255)] Can't initialize the value of media.audio_input.user_preference_ranking because media.default_audio_capture_device isn't registered or is empty
[33264:46304:0927/220617.327:WARNING:capture_device_ranking.h(255)] Can't initialize the value of media.video_input.user_preference_ranking because media.default_video_capture_Device isn't registered or is empty
[33264:46304:0927/220630.967:WARNING:browser_info.cc(345)] Returning a speculative frame for [21,20]
[33264:46304:0927/220630.967:WARNING:browser_info.cc(345)] Returning a speculative frame for [21,20]
[33264:46304:0927/220630.967:WARNING:browser_info.cc(345)] Returning a speculative frame for [21,20]
[33264:46304:0927/220630.967:WARNING:browser_info.cc(345)] Returning a speculative frame for [21,20]
[33264:46304:0927/220630.969:WARNING:browser_info.cc(345)] Returning a speculative frame for [21,23]
[33264:46304:0927/220630.969:WARNING:browser_info.cc(345)] Returning a speculative frame for [21,23]
[33264:46304:0927/220630.969:WARNING:browser_info.cc(345)] Returning a speculative frame for [21,23]
[33264:46304:0927/220630.969:WARNING:browser_info.cc(345)] Returning a speculative frame for [21,23]
[33264:46304:0927/220631.632:WARNING:capture_device_ranking.h(255)] Can't initialize the value of media.audio_input.user_preference_ranking because media.default_audio_capture_device isn't registered or is empty
[33264:46304:0927/220631.632:WARNING:capture_device_ranking.h(255)] Can't initialize the value of media.video_input.user_preference_ranking because media.default_video_capture_Device isn't registered or is empty
[46704:47896:0927/220654.820:ERROR:ssl_client_socket_impl.cc(882)] handshake failed; returned -1, SSL error code 1, net_error -101
[46704:47896:0927/220654.820:ERROR:ssl_client_socket_impl.cc(882)] handshake failed; returned -1, SSL error code 1, net_error -101
[46704:47896:0927/220654.823:ERROR:ssl_client_socket_impl.cc(882)] handshake failed; returned -1, SSL error code 1, net_error -101
[46704:47896:0927/220654.834:ERROR:ssl_client_socket_impl.cc(882)] handshake failed; returned -1, SSL error code 1, net_error -101
[46704:47896:0927/220654.839:ERROR:ssl_client_socket_impl.cc(882)] handshake failed; returned -1, SSL error code 1, net_error -101
[46704:47896:0927/220654.879:ERROR:ssl_client_socket_impl.cc(882)] handshake failed; returned -1, SSL error code 1, net_error -101
[46704:47896:0927/220654.882:ERROR:ssl_client_socket_impl.cc(882)] handshake failed; returned -1, SSL error code 1, net_error -101
[46704:47896:0927/220654.886:ERROR:ssl_client_socket_impl.cc(882)] handshake failed; returned -1, SSL error code 1, net_error -101
[46704:47896:0927/220654.896:ERROR:ssl_client_socket_impl.cc(882)] handshake failed; returned -1, SSL error code 1, net_error -101
[46704:47896:0927/220654.963:ERROR:ssl_client_socket_impl.cc(882)] handshake failed; returned -1, SSL error code 1, net_error -101
[46704:47896:0927/220654.981:ERROR:ssl_client_socket_impl.cc(882)] handshake failed; returned -1, SSL error code 1, net_error -101
[46704:47896:0927/220655.010:ERROR:ssl_client_socket_impl.cc(882)] handshake failed; returned -1, SSL error code 1, net_error -101
[46704:47896:0927/220655.014:ERROR:ssl_client_socket_impl.cc(882)] handshake failed; returned -1, SSL error code 1, net_error -101
[46704:47896:0927/220655.030:ERROR:ssl_client_socket_impl.cc(882)] handshake failed; returned -1, SSL error code 1, net_error -101
[46704:47896:0927/220655.036:ERROR:ssl_client_socket_impl.cc(882)] handshake failed; returned -1, SSL error code 1, net_error -101
[46216:51784:0927/220655.862:ERROR:ffmpeg_common.cc(965)] Unsupported pixel format: -1
[33264:46304:0927/224741.391:WARNING:pref_notifier_impl.cc(41)] Pref observer for media_router.cast_allow_all_ips found at shutdown.
