[23420:23112:0923/182620.708:WARNING:chrome_main_delegate.cc(745)] This is Chrome version 128.0.6613.138 (not a warning)
[23420:23112:0923/182620.772:ERROR:os_crypt_win.cc(100)] Failed to decrypt: Key not valid for use in specified state. (0x8009000B)
[23420:8960:0923/182620.838:ERROR:google_update_settings.cc(265)] Failed opening key Software\Chromium to set usagestats; result: 5
[23420:23112:0923/182620.925:WARNING:account_consistency_mode_manager.cc(77)] Desktop Identity Consistency cannot be enabled as no OAuth client ID and client secret have been configured.
[23420:10956:0923/182627.025:WARNING:leveldb_database.cc(141)] Unable to open C:\Users\chauh\OneDrive\Documents\GitHub\STP\UnrealProject\STP\Saved\webcache_6613_1\Default\shared_proto_db\metadata: IO error: C:\Users\chauh\OneDrive\Documents\GitHub\STP\UnrealProject\STP\Saved\webcache_6613_1\Default\shared_proto_db\metadata/MANIFEST-000001: Unable to create sequential file (ChromeMethodBFE: 7::NewSequentialFile::1)
[23420:10956:0923/182627.027:WARNING:leveldb_database.cc(141)] Unable to open C:\Users\chauh\OneDrive\Documents\GitHub\STP\UnrealProject\STP\Saved\webcache_6613_1\Default\shared_proto_db\metadata: IO error: C:\Users\chauh\OneDrive\Documents\GitHub\STP\UnrealProject\STP\Saved\webcache_6613_1\Default\shared_proto_db\metadata/MANIFEST-000001: Unable to create sequential file (ChromeMethodBFE: 7::NewSequentialFile::1)
[23420:10956:0923/182627.029:WARNING:leveldb_database.cc(141)] Unable to open C:\Users\chauh\OneDrive\Documents\GitHub\STP\UnrealProject\STP\Saved\webcache_6613_1\Default\shared_proto_db\metadata: IO error: C:\Users\chauh\OneDrive\Documents\GitHub\STP\UnrealProject\STP\Saved\webcache_6613_1\Default\shared_proto_db\metadata/MANIFEST-000001: Unable to create sequential file (ChromeMethodBFE: 7::NewSequentialFile::1)
[23420:10956:0923/182627.030:WARNING:leveldb_database.cc(141)] Unable to open C:\Users\chauh\OneDrive\Documents\GitHub\STP\UnrealProject\STP\Saved\webcache_6613_1\Default\shared_proto_db\metadata: IO error: C:\Users\chauh\OneDrive\Documents\GitHub\STP\UnrealProject\STP\Saved\webcache_6613_1\Default\shared_proto_db\metadata/MANIFEST-000001: Unable to create sequential file (ChromeMethodBFE: 7::NewSequentialFile::1)
[23876:25276:0923/182628.115:ERROR:backend_impl.cc(989)] Critical error found -8
[23876:25276:0923/182628.115:ERROR:entry_impl.cc(1029)] No file for b2020028
[23876:25276:0923/182628.115:WARNING:storage_block-inl.h(138)] Failed data load.
[23420:22564:0923/182628.118:WARNING:value_store_frontend.cc(47)] Reading ahfgeienlihckogmohjhadlkjgocpleb.alarms from  failed: IO error: .../MANIFEST-000001: Unable to create sequential file (ChromeMethodBFE: 7::NewSequentialFile::1)
[23420:22564:0923/182628.122:WARNING:value_store_frontend.cc(47)] Reading mhjfbmdgcfjbbpaeojofohoefgiehjai.alarms from  failed: IO error: .../MANIFEST-000001: Unable to create sequential file (ChromeMethodBFE: 7::NewSequentialFile::1)
[24724:24728:0923/182630.110:WARNING:frame_impl.cc(430)] virtual CefFrameImpl::SendProcessMessage sent to detached frame 5-1E206A4329B3888723E775BEE6E26B6B will be ignored
[23420:22880:0923/182631.192:ERROR:cast_crl.cc(443)] CRL - Verification failed.
[24716:9680:0923/182631.233:WARNING:codec.cc(525)] Explicitly added H264 constrained baseline to list of supported formats.
[24716:8248:0923/182631.259:WARNING:codec.cc(525)] Explicitly added H264 constrained baseline to list of supported formats.
[24716:8248:0923/182631.259:WARNING:codec.cc(525)] Explicitly added H264 constrained baseline to list of supported formats.
[24716:8248:0923/182631.259:WARNING:codec.cc(525)] Explicitly added H264 constrained baseline to list of supported formats.
[23420:22880:0923/182631.337:ERROR:cast_crl.cc(443)] CRL - Verification failed.
[23876:23908:0923/182631.477:WARNING:host_resolver_dns_task.cc(863)] Address list empty after RFC3484 sort
[23876:23908:0923/182631.478:WARNING:host_resolver_dns_task.cc(863)] Address list empty after RFC3484 sort
[23876:23908:0923/182631.478:WARNING:host_resolver_dns_task.cc(863)] Address list empty after RFC3484 sort
[23876:23908:0923/182631.480:ERROR:socket_manager.cc(147)] Failed to resolve address for stun.cloudflare.com., errorcode: -105
[23876:23908:0923/182631.480:ERROR:socket_manager.cc(147)] Failed to resolve address for stun.cloudflare.com., errorcode: -105
[23876:23908:0923/182631.480:ERROR:socket_manager.cc(147)] Failed to resolve address for stun.cloudflare.com., errorcode: -105
[23876:23908:0923/182631.480:ERROR:socket_manager.cc(147)] Failed to resolve address for stun.l.google.com., errorcode: -105
[23876:23908:0923/182631.480:ERROR:socket_manager.cc(147)] Failed to resolve address for stun.l.google.com., errorcode: -105
[23876:23908:0923/182631.480:ERROR:socket_manager.cc(147)] Failed to resolve address for stun.l.google.com., errorcode: -105
[23876:23908:0923/182631.485:ERROR:socket_manager.cc(147)] Failed to resolve address for stun1.l.google.com., errorcode: -105
[23876:23908:0923/182631.485:ERROR:socket_manager.cc(147)] Failed to resolve address for stun1.l.google.com., errorcode: -105
[23876:23908:0923/182631.485:ERROR:socket_manager.cc(147)] Failed to resolve address for stun1.l.google.com., errorcode: -105
[24716:8248:0923/182631.767:WARNING:stun_port.cc(442)] Port[10b2000:0:1:0:host:Net[any:0:0:0:x:x:x:x:x/0:Wildcard:id=0]]: StunPort: stun host lookup received error -1
[24716:8248:0923/182631.768:WARNING:stun_port.cc(442)] Port[10b2800:1:1:0:host:Net[any:0:0:0:x:x:x:x:x/0:Wildcard:id=0]]: StunPort: stun host lookup received error -1
[24716:8248:0923/182631.768:WARNING:stun_port.cc(442)] Port[10b3000:2:1:0:host:Net[any:0:0:0:x:x:x:x:x/0:Wildcard:id=0]]: StunPort: stun host lookup received error -1
[24716:8248:0923/182631.768:WARNING:stun_port.cc(442)] Port[10b2000:0:1:0:host:Net[any:0:0:0:x:x:x:x:x/0:Wildcard:id=0]]: StunPort: stun host lookup received error -1
[24716:8248:0923/182631.768:WARNING:stun_port.cc(442)] Port[10b2800:1:1:0:host:Net[any:0:0:0:x:x:x:x:x/0:Wildcard:id=0]]: StunPort: stun host lookup received error -1
[24716:8248:0923/182631.768:WARNING:stun_port.cc(442)] Port[10b3000:2:1:0:host:Net[any:0:0:0:x:x:x:x:x/0:Wildcard:id=0]]: StunPort: stun host lookup received error -1
[24716:8248:0923/182631.768:WARNING:stun_port.cc(442)] Port[10b2000:0:1:0:host:Net[any:0:0:0:x:x:x:x:x/0:Wildcard:id=0]]: StunPort: stun host lookup received error -1
[24716:8248:0923/182631.768:WARNING:stun_port.cc(442)] Port[10b2800:1:1:0:host:Net[any:0:0:0:x:x:x:x:x/0:Wildcard:id=0]]: StunPort: stun host lookup received error -1
[24716:8248:0923/182631.768:WARNING:stun_port.cc(442)] Port[10b3000:2:1:0:host:Net[any:0:0:0:x:x:x:x:x/0:Wildcard:id=0]]: StunPort: stun host lookup received error -1
[23420:22880:0923/182632.101:WARNING:browser_info.cc(345)] Returning a speculative frame for [8,9]
[23420:23112:0923/182632.430:WARNING:browser_info.cc(345)] Returning a speculative frame for [10,9]
[23420:23112:0923/182632.430:WARNING:browser_info.cc(345)] Returning a speculative frame for [10,9]
[23420:23112:0923/182632.430:WARNING:browser_info.cc(345)] Returning a speculative frame for [10,9]
[23420:23112:0923/182632.430:WARNING:browser_info.cc(345)] Returning a speculative frame for [10,9]
[23420:22880:0923/182632.433:WARNING:browser_info.cc(345)] Returning a speculative frame for [10,9]
[7740:2788:0923/182634.094:WARNING:codec.cc(525)] Explicitly added H264 constrained baseline to list of supported formats.
[7740:23140:0923/182634.135:WARNING:codec.cc(525)] Explicitly added H264 constrained baseline to list of supported formats.
[7740:23140:0923/182634.135:WARNING:codec.cc(525)] Explicitly added H264 constrained baseline to list of supported formats.
[7740:23140:0923/182634.136:WARNING:codec.cc(525)] Explicitly added H264 constrained baseline to list of supported formats.
[23876:23908:0923/182634.458:WARNING:host_resolver_dns_task.cc(863)] Address list empty after RFC3484 sort
[23876:23908:0923/182634.459:ERROR:socket_manager.cc(147)] Failed to resolve address for stun.cloudflare.com., errorcode: -105
[23876:23908:0923/182634.459:ERROR:socket_manager.cc(147)] Failed to resolve address for stun.cloudflare.com., errorcode: -105
[7740:23140:0923/182634.459:WARNING:stun_port.cc(442)] Port[f0f400:0:1:0:host:Net[any:0:0:0:x:x:x:x:x/0:Wildcard:id=0]]: StunPort: stun host lookup received error -1
[23876:23908:0923/182634.459:ERROR:socket_manager.cc(147)] Failed to resolve address for stun.cloudflare.com., errorcode: -105
[7740:23140:0923/182634.459:WARNING:stun_port.cc(442)] Port[12b0000:1:1:0:host:Net[any:0:0:0:x:x:x:x:x/0:Wildcard:id=0]]: StunPort: stun host lookup received error -1
[7740:23140:0923/182634.459:WARNING:stun_port.cc(442)] Port[12b0400:2:1:0:host:Net[any:0:0:0:x:x:x:x:x/0:Wildcard:id=0]]: StunPort: stun host lookup received error -1
[23876:23908:0923/182634.464:WARNING:host_resolver_dns_task.cc(863)] Address list empty after RFC3484 sort
[23876:23908:0923/182634.464:ERROR:socket_manager.cc(147)] Failed to resolve address for stun.l.google.com., errorcode: -105
[23876:23908:0923/182634.464:ERROR:socket_manager.cc(147)] Failed to resolve address for stun.l.google.com., errorcode: -105
[23876:23908:0923/182634.464:ERROR:socket_manager.cc(147)] Failed to resolve address for stun.l.google.com., errorcode: -105
[7740:23140:0923/182634.464:WARNING:stun_port.cc(442)] Port[f0f400:0:1:0:host:Net[any:0:0:0:x:x:x:x:x/0:Wildcard:id=0]]: StunPort: stun host lookup received error -1
[7740:23140:0923/182634.464:WARNING:stun_port.cc(442)] Port[12b0000:1:1:0:host:Net[any:0:0:0:x:x:x:x:x/0:Wildcard:id=0]]: StunPort: stun host lookup received error -1
[7740:23140:0923/182634.464:WARNING:stun_port.cc(442)] Port[12b0400:2:1:0:host:Net[any:0:0:0:x:x:x:x:x/0:Wildcard:id=0]]: StunPort: stun host lookup received error -1
[23876:23908:0923/182634.469:WARNING:host_resolver_dns_task.cc(863)] Address list empty after RFC3484 sort
[23876:23908:0923/182634.469:ERROR:socket_manager.cc(147)] Failed to resolve address for stun1.l.google.com., errorcode: -105
[23876:23908:0923/182634.469:ERROR:socket_manager.cc(147)] Failed to resolve address for stun1.l.google.com., errorcode: -105
[23876:23908:0923/182634.469:ERROR:socket_manager.cc(147)] Failed to resolve address for stun1.l.google.com., errorcode: -105
[7740:23140:0923/182634.469:WARNING:stun_port.cc(442)] Port[f0f400:0:1:0:host:Net[any:0:0:0:x:x:x:x:x/0:Wildcard:id=0]]: StunPort: stun host lookup received error -1
[7740:23140:0923/182634.469:WARNING:stun_port.cc(442)] Port[12b0000:1:1:0:host:Net[any:0:0:0:x:x:x:x:x/0:Wildcard:id=0]]: StunPort: stun host lookup received error -1
[7740:23140:0923/182634.469:WARNING:stun_port.cc(442)] Port[12b0400:2:1:0:host:Net[any:0:0:0:x:x:x:x:x/0:Wildcard:id=0]]: StunPort: stun host lookup received error -1
[7740:2788:0923/182636.554:WARNING:codec.cc(525)] Explicitly added H264 constrained baseline to list of supported formats.
[23756:23784:0923/182844.214:ERROR:shared_image_manager.cc(224)] SharedImageManager::ProduceSkia: Trying to Produce a Skia representation from a non-existent mailbox.
[23756:23784:0923/182844.214:ERROR:shared_image_manager.cc(224)] SharedImageManager::ProduceSkia: Trying to Produce a Skia representation from a non-existent mailbox.
[23420:23112:0923/184010.233:ERROR:device_event_log_impl.cc(196)] [18:40:10.222] USB: usb_service_win.cc:105 SetupDiGetDeviceProperty({{A45C254E-DF1C-4EFD-8020-67D146A850E0}, 6}) failed: Element not found. (0x490)
[23420:23112:0923/184010.233:ERROR:device_event_log_impl.cc(196)] [18:40:10.233] USB: usb_service_win.cc:105 SetupDiGetDeviceProperty({{A45C254E-DF1C-4EFD-8020-67D146A850E0}, 6}) failed: Element not found. (0x490)
[23420:23112:0923/184021.220:ERROR:device_event_log_impl.cc(196)] [18:40:21.068] USB: usb_service_win.cc:105 SetupDiGetDeviceProperty({{A45C254E-DF1C-4EFD-8020-67D146A850E0}, 6}) failed: Element not found. (0x490)
[23420:23112:0923/201059.100:WARNING:pref_notifier_impl.cc(41)] Pref observer for media_router.cast_allow_all_ips found at shutdown.
