[6248:37176:0920/194708.177:WARNING:chrome_main_delegate.cc(745)] This is Chrome version 128.0.6613.138 (not a warning)
[6248:37176:0920/194708.449:WARNING:account_consistency_mode_manager.cc(77)] Desktop Identity Consistency cannot be enabled as no OAuth client ID and client secret have been configured.
[6248:37176:0920/194727.801:ERROR:device_event_log_impl.cc(196)] [19:47:26.954] USB: usb_service_win.cc:105 SetupDiGetDeviceProperty({{A45C254E-DF1C-4EFD-8020-67D146A850E0}, 6}) failed: Element not found. (0x490)
[36608:36824:0920/194729.544:WARNING:frame_impl.cc(430)] virtual CefFrameImpl::SendProcessMessage sent to detached frame 5-91E72E334436F5C4B737B1402C4265C4 will be ignored
[35924:8800:0920/194731.130:WARNING:codec.cc(525)] Explicitly added H264 constrained baseline to list of supported formats.
[35924:35508:0920/194731.546:WARNING:codec.cc(525)] Explicitly added H264 constrained baseline to list of supported formats.
[35924:35508:0920/194731.546:WARNING:codec.cc(525)] Explicitly added H264 constrained baseline to list of supported formats.
[35924:35508:0920/194731.547:WARNING:codec.cc(525)] Explicitly added H264 constrained baseline to list of supported formats.
[22556:9644:0920/194732.115:ERROR:socket_manager.cc(147)] Failed to resolve address for stun.cloudflare.com., errorcode: -105
[22556:9644:0920/194732.115:ERROR:socket_manager.cc(147)] Failed to resolve address for stun.cloudflare.com., errorcode: -105
[22556:9644:0920/194732.115:ERROR:socket_manager.cc(147)] Failed to resolve address for stun.cloudflare.com., errorcode: -105
[22556:9644:0920/194732.115:ERROR:socket_manager.cc(147)] Failed to resolve address for stun.l.google.com., errorcode: -105
[22556:9644:0920/194732.115:ERROR:socket_manager.cc(147)] Failed to resolve address for stun.l.google.com., errorcode: -105
[22556:9644:0920/194732.115:ERROR:socket_manager.cc(147)] Failed to resolve address for stun.l.google.com., errorcode: -105
[22556:9644:0920/194732.115:ERROR:socket_manager.cc(147)] Failed to resolve address for stun1.l.google.com., errorcode: -105
[22556:9644:0920/194732.115:ERROR:socket_manager.cc(147)] Failed to resolve address for stun1.l.google.com., errorcode: -105
[22556:9644:0920/194732.115:ERROR:socket_manager.cc(147)] Failed to resolve address for stun1.l.google.com., errorcode: -105
[22556:9644:0920/194732.116:ERROR:socket_manager.cc(147)] Failed to resolve address for stun.cloudflare.com., errorcode: -105
[22556:9644:0920/194732.116:ERROR:socket_manager.cc(147)] Failed to resolve address for stun.cloudflare.com., errorcode: -105
[35924:35508:0920/194732.116:WARNING:stun_port.cc(442)] Port[13ed000:0:1:0:host:Net[any:0.0.0.x/0:Wildcard:id=0]]: StunPort: stun host lookup received error -1
[22556:9644:0920/194732.116:ERROR:socket_manager.cc(147)] Failed to resolve address for stun.cloudflare.com., errorcode: -105
[22556:9644:0920/194732.116:ERROR:socket_manager.cc(147)] Failed to resolve address for stun.l.google.com., errorcode: -105
[22556:9644:0920/194732.116:ERROR:socket_manager.cc(147)] Failed to resolve address for stun.l.google.com., errorcode: -105
[22556:9644:0920/194732.116:ERROR:socket_manager.cc(147)] Failed to resolve address for stun.l.google.com., errorcode: -105
[22556:9644:0920/194732.116:ERROR:socket_manager.cc(147)] Failed to resolve address for stun1.l.google.com., errorcode: -105
[22556:9644:0920/194732.116:ERROR:socket_manager.cc(147)] Failed to resolve address for stun1.l.google.com., errorcode: -105
[22556:9644:0920/194732.116:ERROR:socket_manager.cc(147)] Failed to resolve address for stun1.l.google.com., errorcode: -105
[35924:35508:0920/194732.130:WARNING:stun_port.cc(442)] Port[13ed800:1:1:0:host:Net[any:0.0.0.x/0:Wildcard:id=0]]: StunPort: stun host lookup received error -1
[35924:35508:0920/194732.130:WARNING:stun_port.cc(442)] Port[13ee000:2:1:0:host:Net[any:0.0.0.x/0:Wildcard:id=0]]: StunPort: stun host lookup received error -1
[35924:35508:0920/194732.130:WARNING:stun_port.cc(442)] Port[13ed000:0:1:0:host:Net[any:0.0.0.x/0:Wildcard:id=0]]: StunPort: stun host lookup received error -1
[35924:35508:0920/194732.131:WARNING:stun_port.cc(442)] Port[13ed800:1:1:0:host:Net[any:0.0.0.x/0:Wildcard:id=0]]: StunPort: stun host lookup received error -1
[35924:35508:0920/194732.131:WARNING:stun_port.cc(442)] Port[13ee000:2:1:0:host:Net[any:0.0.0.x/0:Wildcard:id=0]]: StunPort: stun host lookup received error -1
[35924:35508:0920/194732.131:WARNING:stun_port.cc(442)] Port[13ed000:0:1:0:host:Net[any:0.0.0.x/0:Wildcard:id=0]]: StunPort: stun host lookup received error -1
[35924:35508:0920/194732.131:WARNING:stun_port.cc(442)] Port[13ed800:1:1:0:host:Net[any:0.0.0.x/0:Wildcard:id=0]]: StunPort: stun host lookup received error -1
[35924:35508:0920/194732.131:WARNING:stun_port.cc(442)] Port[13ee000:2:1:0:host:Net[any:0.0.0.x/0:Wildcard:id=0]]: StunPort: stun host lookup received error -1
[35924:35508:0920/194732.131:WARNING:stun_port.cc(442)] Port[13ecc00:0:1:0:host:Net[any:0:0:0:x:x:x:x:x/0:Wildcard:id=0]]: StunPort: stun host lookup received error -1
[35924:35508:0920/194732.131:WARNING:stun_port.cc(442)] Port[13ed400:1:1:0:host:Net[any:0:0:0:x:x:x:x:x/0:Wildcard:id=0]]: StunPort: stun host lookup received error -1
[35924:35508:0920/194732.131:WARNING:stun_port.cc(442)] Port[13edc00:2:1:0:host:Net[any:0:0:0:x:x:x:x:x/0:Wildcard:id=0]]: StunPort: stun host lookup received error -1
[35924:35508:0920/194732.131:WARNING:stun_port.cc(442)] Port[13ecc00:0:1:0:host:Net[any:0:0:0:x:x:x:x:x/0:Wildcard:id=0]]: StunPort: stun host lookup received error -1
[35924:35508:0920/194732.131:WARNING:stun_port.cc(442)] Port[13ed400:1:1:0:host:Net[any:0:0:0:x:x:x:x:x/0:Wildcard:id=0]]: StunPort: stun host lookup received error -1
[35924:35508:0920/194732.131:WARNING:stun_port.cc(442)] Port[13edc00:2:1:0:host:Net[any:0:0:0:x:x:x:x:x/0:Wildcard:id=0]]: StunPort: stun host lookup received error -1
[35924:35508:0920/194732.131:WARNING:stun_port.cc(442)] Port[13ecc00:0:1:0:host:Net[any:0:0:0:x:x:x:x:x/0:Wildcard:id=0]]: StunPort: stun host lookup received error -1
[35924:35508:0920/194732.131:WARNING:stun_port.cc(442)] Port[13ed400:1:1:0:host:Net[any:0:0:0:x:x:x:x:x/0:Wildcard:id=0]]: StunPort: stun host lookup received error -1
[35924:35508:0920/194732.131:WARNING:stun_port.cc(442)] Port[13edc00:2:1:0:host:Net[any:0:0:0:x:x:x:x:x/0:Wildcard:id=0]]: StunPort: stun host lookup received error -1
[6248:2544:0920/194733.168:WARNING:browser_info.cc(345)] Returning a speculative frame for [8,9]
[6248:37176:0920/194733.273:WARNING:browser_info.cc(345)] Returning a speculative frame for [9,9]
[6248:37176:0920/194733.273:WARNING:browser_info.cc(345)] Returning a speculative frame for [9,9]
[6248:37176:0920/194733.274:WARNING:browser_info.cc(345)] Returning a speculative frame for [9,9]
[6248:37176:0920/194733.274:WARNING:browser_info.cc(345)] Returning a speculative frame for [9,9]
[6248:2544:0920/194733.276:WARNING:browser_info.cc(345)] Returning a speculative frame for [9,9]
[23944:35832:0920/194733.458:WARNING:codec.cc(525)] Explicitly added H264 constrained baseline to list of supported formats.
[23944:9752:0920/194733.529:WARNING:codec.cc(525)] Explicitly added H264 constrained baseline to list of supported formats.
[23944:9752:0920/194733.529:WARNING:codec.cc(525)] Explicitly added H264 constrained baseline to list of supported formats.
[23944:9752:0920/194733.530:WARNING:codec.cc(525)] Explicitly added H264 constrained baseline to list of supported formats.
[22556:9644:0920/194733.557:WARNING:host_resolver_dns_task.cc(863)] Address list empty after RFC3484 sort
[22556:9644:0920/194733.558:WARNING:host_resolver_dns_task.cc(863)] Address list empty after RFC3484 sort
[22556:9644:0920/194733.558:WARNING:host_resolver_dns_task.cc(863)] Address list empty after RFC3484 sort
[22556:9644:0920/194733.578:ERROR:socket_manager.cc(147)] Failed to resolve address for stun.l.google.com., errorcode: -105
[22556:9644:0920/194733.578:ERROR:socket_manager.cc(147)] Failed to resolve address for stun.l.google.com., errorcode: -105
[22556:9644:0920/194733.578:ERROR:socket_manager.cc(147)] Failed to resolve address for stun.l.google.com., errorcode: -105
[22556:9644:0920/194733.578:ERROR:socket_manager.cc(147)] Failed to resolve address for stun1.l.google.com., errorcode: -105
[23944:9752:0920/194733.578:WARNING:stun_port.cc(442)] Port[edec00:0:1:0:host:Net[any:0:0:0:x:x:x:x:x/0:Wildcard:id=0]]: StunPort: stun host lookup received error -1
[22556:9644:0920/194733.578:ERROR:socket_manager.cc(147)] Failed to resolve address for stun1.l.google.com., errorcode: -105
[23944:9752:0920/194733.578:WARNING:stun_port.cc(442)] Port[edf400:1:1:0:host:Net[any:0:0:0:x:x:x:x:x/0:Wildcard:id=0]]: StunPort: stun host lookup received error -1
[22556:9644:0920/194733.578:ERROR:socket_manager.cc(147)] Failed to resolve address for stun1.l.google.com., errorcode: -105
[22556:9644:0920/194733.578:ERROR:socket_manager.cc(147)] Failed to resolve address for stun.cloudflare.com., errorcode: -105
[22556:9644:0920/194733.578:ERROR:socket_manager.cc(147)] Failed to resolve address for stun.cloudflare.com., errorcode: -105
[22556:9644:0920/194733.578:ERROR:socket_manager.cc(147)] Failed to resolve address for stun.cloudflare.com., errorcode: -105
[23944:9752:0920/194733.578:WARNING:stun_port.cc(442)] Port[122c000:2:1:0:host:Net[any:0:0:0:x:x:x:x:x/0:Wildcard:id=0]]: StunPort: stun host lookup received error -1
[23944:9752:0920/194733.578:WARNING:stun_port.cc(442)] Port[edec00:0:1:0:host:Net[any:0:0:0:x:x:x:x:x/0:Wildcard:id=0]]: StunPort: stun host lookup received error -1
[23944:9752:0920/194733.578:WARNING:stun_port.cc(442)] Port[edf400:1:1:0:host:Net[any:0:0:0:x:x:x:x:x/0:Wildcard:id=0]]: StunPort: stun host lookup received error -1
[23944:9752:0920/194733.578:WARNING:stun_port.cc(442)] Port[122c000:2:1:0:host:Net[any:0:0:0:x:x:x:x:x/0:Wildcard:id=0]]: StunPort: stun host lookup received error -1
[23944:9752:0920/194733.578:WARNING:stun_port.cc(442)] Port[edec00:0:1:0:host:Net[any:0:0:0:x:x:x:x:x/0:Wildcard:id=0]]: StunPort: stun host lookup received error -1
[23944:9752:0920/194733.578:WARNING:stun_port.cc(442)] Port[edf400:1:1:0:host:Net[any:0:0:0:x:x:x:x:x/0:Wildcard:id=0]]: StunPort: stun host lookup received error -1
[23944:9752:0920/194733.578:WARNING:stun_port.cc(442)] Port[122c000:2:1:0:host:Net[any:0:0:0:x:x:x:x:x/0:Wildcard:id=0]]: StunPort: stun host lookup received error -1
[23944:35832:0920/194736.095:WARNING:codec.cc(525)] Explicitly added H264 constrained baseline to list of supported formats.
[6248:37176:0920/223804.421:WARNING:pref_notifier_impl.cc(41)] Pref observer for media_router.cast_allow_all_ips found at shutdown.
