[2568:11404:0927/112956.503:WARNING:chrome_main_delegate.cc(745)] This is Chrome version 128.0.6613.138 (not a warning)
[2568:11404:0927/112956.593:ERROR:os_crypt_win.cc(100)] Failed to decrypt: 该项不适于在指定状态下使用。 (0x8009000B)
[2568:11404:0927/112956.756:WARNING:account_consistency_mode_manager.cc(77)] Desktop Identity Consistency cannot be enabled as no OAuth client ID and client secret have been configured.
[2568:11880:0927/112959.690:WARNING:leveldb_database.cc(141)] Unable to open E:\Githubdata\STP\UnrealProject\STP\Saved\webcache_6613_1\Default\shared_proto_db\metadata: IO error: E:\Githubdata\STP\UnrealProject\STP\Saved\webcache_6613_1\Default\shared_proto_db\metadata/MANIFEST-000001: Unable to create sequential file (ChromeMethodBFE: 7::NewSequentialFile::1)
[2568:11880:0927/112959.694:WARNING:leveldb_database.cc(141)] Unable to open E:\Githubdata\STP\UnrealProject\STP\Saved\webcache_6613_1\Default\shared_proto_db\metadata: IO error: E:\Githubdata\STP\UnrealProject\STP\Saved\webcache_6613_1\Default\shared_proto_db\metadata/MANIFEST-000001: Unable to create sequential file (ChromeMethodBFE: 7::NewSequentialFile::1)
[2568:11880:0927/112959.696:WARNING:leveldb_database.cc(141)] Unable to open E:\Githubdata\STP\UnrealProject\STP\Saved\webcache_6613_1\Default\shared_proto_db\metadata: IO error: E:\Githubdata\STP\UnrealProject\STP\Saved\webcache_6613_1\Default\shared_proto_db\metadata/MANIFEST-000001: Unable to create sequential file (ChromeMethodBFE: 7::NewSequentialFile::1)
[2568:11880:0927/112959.699:WARNING:leveldb_database.cc(141)] Unable to open E:\Githubdata\STP\UnrealProject\STP\Saved\webcache_6613_1\Default\shared_proto_db\metadata: IO error: E:\Githubdata\STP\UnrealProject\STP\Saved\webcache_6613_1\Default\shared_proto_db\metadata/MANIFEST-000001: Unable to create sequential file (ChromeMethodBFE: 7::NewSequentialFile::1)
[2568:25972:0927/113002.094:WARNING:value_store_frontend.cc(47)] Reading ahfgeienlihckogmohjhadlkjgocpleb.alarms from  failed: IO error: .../MANIFEST-000001: Unable to create sequential file (ChromeMethodBFE: 7::NewSequentialFile::1)
[2568:25972:0927/113002.106:WARNING:value_store_frontend.cc(47)] Reading mhjfbmdgcfjbbpaeojofohoefgiehjai.alarms from  failed: IO error: .../MANIFEST-000001: Unable to create sequential file (ChromeMethodBFE: 7::NewSequentialFile::1)
[25120:6644:0927/113002.415:WARNING:frame_impl.cc(430)] virtual CefFrameImpl::SendProcessMessage sent to detached frame 5-3C2AA79D063C3A1A541A166BA2A813C4 will be ignored
[15468:24108:0927/113002.650:ERROR:ssl_client_socket_impl.cc(882)] handshake failed; returned -1, SSL error code 1, net_error -101
[12840:23936:0927/113239.745:WARNING:frame_impl.cc(430)] virtual CefFrameImpl::SendProcessMessage sent to detached frame 8-B3CB95D34F5A13A62B2FE273FEA21D4D will be ignored
[2904:548:0927/124009.446:WARNING:frame_impl.cc(430)] virtual CefFrameImpl::SendProcessMessage sent to detached frame B-DFCBC864DF9F56C5A46AA58B8F05B594 will be ignored
[2568:11404:0927/125000.539:WARNING:page_discarding_helper.cc(138)] Discarding multiple pages with target (kb): 0
[2568:11404:0927/125010.542:WARNING:page_discarding_helper.cc(138)] Discarding multiple pages with target (kb): 0
[2568:11404:0927/125156.030:WARNING:page_discarding_helper.cc(138)] Discarding multiple pages with target (kb): 0
[2568:11404:0927/131442.433:WARNING:page_discarding_helper.cc(138)] Discarding multiple pages with target (kb): 0
[2568:11404:0927/131447.433:WARNING:page_discarding_helper.cc(138)] Discarding multiple pages with target (kb): 0
[2568:11404:0927/131452.435:WARNING:page_discarding_helper.cc(138)] Discarding multiple pages with target (kb): 0
[2568:11404:0927/131457.435:WARNING:page_discarding_helper.cc(138)] Discarding multiple pages with target (kb): 0
[2568:11404:0927/131502.437:WARNING:page_discarding_helper.cc(138)] Discarding multiple pages with target (kb): 0
[2568:11404:0927/131507.437:WARNING:page_discarding_helper.cc(138)] Discarding multiple pages with target (kb): 0
[2568:11404:0927/131512.440:WARNING:page_discarding_helper.cc(138)] Discarding multiple pages with target (kb): 0
[2568:11404:0927/131517.442:WARNING:page_discarding_helper.cc(138)] Discarding multiple pages with target (kb): 0
[2568:11404:0927/131522.444:WARNING:page_discarding_helper.cc(138)] Discarding multiple pages with target (kb): 0
[2568:11404:0927/131527.445:WARNING:page_discarding_helper.cc(138)] Discarding multiple pages with target (kb): 0
[2568:11404:0927/131547.450:WARNING:page_discarding_helper.cc(138)] Discarding multiple pages with target (kb): 0
[2568:11404:0927/131552.451:WARNING:page_discarding_helper.cc(138)] Discarding multiple pages with target (kb): 0
[2568:11404:0927/131557.452:WARNING:page_discarding_helper.cc(138)] Discarding multiple pages with target (kb): 0
[2568:11404:0927/131602.458:WARNING:page_discarding_helper.cc(138)] Discarding multiple pages with target (kb): 0
[2568:11404:0927/131607.458:WARNING:page_discarding_helper.cc(138)] Discarding multiple pages with target (kb): 0
[2568:11404:0927/131612.459:WARNING:page_discarding_helper.cc(138)] Discarding multiple pages with target (kb): 0
[2568:11404:0927/131617.462:WARNING:page_discarding_helper.cc(138)] Discarding multiple pages with target (kb): 0
[2568:11404:0927/131622.463:WARNING:page_discarding_helper.cc(138)] Discarding multiple pages with target (kb): 0
[2568:11404:0927/131627.465:WARNING:page_discarding_helper.cc(138)] Discarding multiple pages with target (kb): 0
[2568:11404:0927/131632.466:WARNING:page_discarding_helper.cc(138)] Discarding multiple pages with target (kb): 0
[2568:11404:0927/131637.468:WARNING:page_discarding_helper.cc(138)] Discarding multiple pages with target (kb): 0
[2568:11404:0927/131642.477:WARNING:page_discarding_helper.cc(138)] Discarding multiple pages with target (kb): 0
[2568:11404:0927/131647.477:WARNING:page_discarding_helper.cc(138)] Discarding multiple pages with target (kb): 0
[2568:11404:0927/131652.477:WARNING:page_discarding_helper.cc(138)] Discarding multiple pages with target (kb): 0
[2568:11404:0927/131657.477:WARNING:page_discarding_helper.cc(138)] Discarding multiple pages with target (kb): 0
[2568:11404:0927/131702.477:WARNING:page_discarding_helper.cc(138)] Discarding multiple pages with target (kb): 0
[2568:11404:0927/131707.476:WARNING:page_discarding_helper.cc(138)] Discarding multiple pages with target (kb): 0
[2568:11404:0927/131712.477:WARNING:page_discarding_helper.cc(138)] Discarding multiple pages with target (kb): 0
[2568:11404:0927/131717.477:WARNING:page_discarding_helper.cc(138)] Discarding multiple pages with target (kb): 0
[2568:11404:0927/131722.477:WARNING:page_discarding_helper.cc(138)] Discarding multiple pages with target (kb): 0
[2568:11404:0927/131727.479:WARNING:page_discarding_helper.cc(138)] Discarding multiple pages with target (kb): 0
[2568:11404:0927/131732.479:WARNING:page_discarding_helper.cc(138)] Discarding multiple pages with target (kb): 0
[2568:11404:0927/131737.482:WARNING:page_discarding_helper.cc(138)] Discarding multiple pages with target (kb): 0
[2568:11404:0927/131742.482:WARNING:page_discarding_helper.cc(138)] Discarding multiple pages with target (kb): 0
[2568:11404:0927/131747.483:WARNING:page_discarding_helper.cc(138)] Discarding multiple pages with target (kb): 0
[2568:11404:0927/131752.493:WARNING:page_discarding_helper.cc(138)] Discarding multiple pages with target (kb): 0
[2568:11404:0927/131837.513:WARNING:page_discarding_helper.cc(138)] Discarding multiple pages with target (kb): 0
[2568:11404:0927/131842.513:WARNING:page_discarding_helper.cc(138)] Discarding multiple pages with target (kb): 0
[2568:11404:0927/131847.514:WARNING:page_discarding_helper.cc(138)] Discarding multiple pages with target (kb): 0
[2568:11404:0927/131852.516:WARNING:page_discarding_helper.cc(138)] Discarding multiple pages with target (kb): 0
[2568:11404:0927/131857.518:WARNING:page_discarding_helper.cc(138)] Discarding multiple pages with target (kb): 0
[2568:11404:0927/131902.521:WARNING:page_discarding_helper.cc(138)] Discarding multiple pages with target (kb): 0
[2568:11404:0927/131907.522:WARNING:page_discarding_helper.cc(138)] Discarding multiple pages with target (kb): 0
[2568:11404:0927/131912.523:WARNING:page_discarding_helper.cc(138)] Discarding multiple pages with target (kb): 0
[2568:11404:0927/131917.524:WARNING:page_discarding_helper.cc(138)] Discarding multiple pages with target (kb): 0
[2568:11404:0927/131922.528:WARNING:page_discarding_helper.cc(138)] Discarding multiple pages with target (kb): 0
[2568:11404:0927/131927.529:WARNING:page_discarding_helper.cc(138)] Discarding multiple pages with target (kb): 0
[2568:11404:0927/131932.529:WARNING:page_discarding_helper.cc(138)] Discarding multiple pages with target (kb): 0
[2568:11404:0927/131937.533:WARNING:page_discarding_helper.cc(138)] Discarding multiple pages with target (kb): 0
[2568:11404:0927/131942.532:WARNING:page_discarding_helper.cc(138)] Discarding multiple pages with target (kb): 0
[2568:11404:0927/131947.536:WARNING:page_discarding_helper.cc(138)] Discarding multiple pages with target (kb): 0
[2568:11404:0927/131952.541:WARNING:page_discarding_helper.cc(138)] Discarding multiple pages with target (kb): 0
[2568:11404:0927/131957.545:WARNING:page_discarding_helper.cc(138)] Discarding multiple pages with target (kb): 0
[2568:11404:0927/132002.547:WARNING:page_discarding_helper.cc(138)] Discarding multiple pages with target (kb): 0
[2568:11404:0927/132007.546:WARNING:page_discarding_helper.cc(138)] Discarding multiple pages with target (kb): 0
[2568:11404:0927/132012.547:WARNING:page_discarding_helper.cc(138)] Discarding multiple pages with target (kb): 0
[2568:11404:0927/132017.548:WARNING:page_discarding_helper.cc(138)] Discarding multiple pages with target (kb): 0
[2568:11404:0927/132022.549:WARNING:page_discarding_helper.cc(138)] Discarding multiple pages with target (kb): 0
[2568:11404:0927/132027.556:WARNING:page_discarding_helper.cc(138)] Discarding multiple pages with target (kb): 0
[2568:11404:0927/132032.558:WARNING:page_discarding_helper.cc(138)] Discarding multiple pages with target (kb): 0
[2568:11404:0927/132037.565:WARNING:page_discarding_helper.cc(138)] Discarding multiple pages with target (kb): 0
[2568:11404:0927/132042.565:WARNING:page_discarding_helper.cc(138)] Discarding multiple pages with target (kb): 0
[2568:11404:0927/132047.566:WARNING:page_discarding_helper.cc(138)] Discarding multiple pages with target (kb): 0
[2568:11404:0927/132052.568:WARNING:page_discarding_helper.cc(138)] Discarding multiple pages with target (kb): 0
[2568:11404:0927/132057.568:WARNING:page_discarding_helper.cc(138)] Discarding multiple pages with target (kb): 0
[2568:11404:0927/132102.569:WARNING:page_discarding_helper.cc(138)] Discarding multiple pages with target (kb): 0
[2568:11404:0927/132107.574:WARNING:page_discarding_helper.cc(138)] Discarding multiple pages with target (kb): 0
[2568:11404:0927/132112.574:WARNING:page_discarding_helper.cc(138)] Discarding multiple pages with target (kb): 0
[2568:11404:0927/132117.574:WARNING:page_discarding_helper.cc(138)] Discarding multiple pages with target (kb): 0
[2568:11404:0927/132122.574:WARNING:page_discarding_helper.cc(138)] Discarding multiple pages with target (kb): 0
[2568:11404:0927/132127.583:WARNING:page_discarding_helper.cc(138)] Discarding multiple pages with target (kb): 0
[2568:11404:0927/132132.583:WARNING:page_discarding_helper.cc(138)] Discarding multiple pages with target (kb): 0
[2568:11404:0927/132317.613:WARNING:page_discarding_helper.cc(138)] Discarding multiple pages with target (kb): 0
[2568:11404:0927/132322.614:WARNING:page_discarding_helper.cc(138)] Discarding multiple pages with target (kb): 0
[2568:11404:0927/132327.614:WARNING:page_discarding_helper.cc(138)] Discarding multiple pages with target (kb): 0
[2568:11404:0927/132332.616:WARNING:page_discarding_helper.cc(138)] Discarding multiple pages with target (kb): 0
[2568:11404:0927/132337.617:WARNING:page_discarding_helper.cc(138)] Discarding multiple pages with target (kb): 0
[2568:11404:0927/132342.619:WARNING:page_discarding_helper.cc(138)] Discarding multiple pages with target (kb): 0
[2568:11404:0927/132347.620:WARNING:page_discarding_helper.cc(138)] Discarding multiple pages with target (kb): 0
[2568:11404:0927/132352.622:WARNING:page_discarding_helper.cc(138)] Discarding multiple pages with target (kb): 0
[2568:11404:0927/132357.623:WARNING:page_discarding_helper.cc(138)] Discarding multiple pages with target (kb): 0
[2568:11404:0927/132402.624:WARNING:page_discarding_helper.cc(138)] Discarding multiple pages with target (kb): 0
[2568:11404:0927/132407.628:WARNING:page_discarding_helper.cc(138)] Discarding multiple pages with target (kb): 0
[2568:11404:0927/132412.627:WARNING:page_discarding_helper.cc(138)] Discarding multiple pages with target (kb): 0
[2568:11404:0927/132417.630:WARNING:page_discarding_helper.cc(138)] Discarding multiple pages with target (kb): 0
[2568:11404:0927/132422.631:WARNING:page_discarding_helper.cc(138)] Discarding multiple pages with target (kb): 0
[2568:11404:0927/132427.633:WARNING:page_discarding_helper.cc(138)] Discarding multiple pages with target (kb): 0
[2568:11404:0927/132432.635:WARNING:page_discarding_helper.cc(138)] Discarding multiple pages with target (kb): 0
[2568:11404:0927/132437.647:WARNING:page_discarding_helper.cc(138)] Discarding multiple pages with target (kb): 0
[2568:11404:0927/132442.646:WARNING:page_discarding_helper.cc(138)] Discarding multiple pages with target (kb): 0
[2568:11404:0927/132457.651:WARNING:page_discarding_helper.cc(138)] Discarding multiple pages with target (kb): 0
[15468:24108:0927/141838.432:ERROR:ssl_client_socket_impl.cc(882)] handshake failed; returned -1, SSL error code 1, net_error -101
[15468:24108:0927/141838.435:ERROR:ssl_client_socket_impl.cc(882)] handshake failed; returned -1, SSL error code 1, net_error -101
[15468:24108:0927/141838.453:ERROR:ssl_client_socket_impl.cc(882)] handshake failed; returned -1, SSL error code 1, net_error -101
[15468:24108:0927/141838.468:ERROR:ssl_client_socket_impl.cc(882)] handshake failed; returned -1, SSL error code 1, net_error -101
